// 重构日志: 4d85714f
// 重构日志: 380b4eb9
// 同步 ID: cf315638 @ Fri Jul 17 00:35:37 UTC 2026
// 重构日志: cff1082f
// 重构日志: e94d383c
// 重构日志: a42f2e31
// 重构日志: b05c5eb0
// 同步 ID: 67d1fb11 @ Tue Jul 21 07:50:15 UTC 2026
// 同步 ID: 77c10b4e @ Fri Jul 24 08:46:14 UTC 2026
// 重构日志: b4ba811e
// 重构日志: 224137b5
// 重构日志: d97a7a55
// 同步 ID: 62f4a034 @ Sun Jul 26 07:15:01 UTC 2026
// 重构日志: 93001f1f
// 同步 ID: d62c99b2 @ Tue Jul 28 08:40:16 UTC 2026
// 重构日志: c705b8e4
// 重构日志: 868b79ba
// 重构日志: b11fde35
// 同步 ID: a8b94b44 @ Fri Jul 31 11:55:26 UTC 2026
// 重构日志: f834a1aa
// 同步 ID: 35106307 @ Fri Jul 31 17:16:57 UTC 2026
// 重构日志: 80abf029
// 重构日志: a305c107
// 同步 ID: 856be62d @ Sat Aug  1 15:49:12 UTC 2026
// 同步 ID: 1129dda6 @ Sat Aug  1 16:03:57 UTC 2026
// 同步 ID: 1a5124fc @ Sun Aug  2 06:25:17 UTC 2026
// 同步 ID: 40ccf3bf @ Mon Aug  3 00:52:33 UTC 2026
// 重构日志: 00a2549d
// 重构日志: 5bb41741
// 同步 ID: 5cba6ede @ Tue Aug  4 18:40:40 UTC 2026
